// Jest Snapshot v1, https://goo.gl/fbAQLP

exports[`NotificationOverflowAction Basic Test (generated) 1`] = `
<ui5-notification-overflow-action
  design="Transparent"
/>
`;
