// Jest Snapshot v1, https://goo.gl/fbAQLP

exports[`UploadCollectionItem Basic Test (generated) 1`] = `
<DocumentFragment>
  <ui5-upload-collection-item
    progress="0"
    type="Active"
    upload-state="Ready"
  />
</DocumentFragment>
`;
